[[ 1.          0.          0.        ]
 [ 0.2         1.          0.        ]
 [ 0.6        -9/7         1.        ]]
[[ 5.          3.          2.        ]
 [ 0.          1.4        -0.4       ]
 [ 0.          0.          16/7      ]]