Cholesky decomposition:
L:
[[ 1.41421356  0.          0.        ]
 [-0.70710678  1.22474487  0.        ]
 [ 0.         -0.81649658  1.15470054]]
U:
[[ 1.41421356 -0.70710678  0.        ]
 [ 0.          1.22474487 -0.81649658]
 [ 0.          0.          1.15470054]]
