[[  -1.      14.5    234.   ]
 [  44.      98.875  271.   ]
 [-549.983 -960.646 -414.779]]